// Jest Snapshot v1, https://goo.gl/fbAQLP

exports[`instance should be vue instance 1`] = `
"<div>
  銀火竜の烈弓 [ 312,
  <span class=\\"fire\\">火330</span>
  , 20%, ① ]
</div>"
`;
