// Jest Snapshot v1, https://goo.gl/fbAQLP

exports[`instance should be vue instance 1`] = `
"<v-container-stub tag=\\"div\\"><v-row-stub tag=\\"div\\"><h1>ターゲット</h1></v-row-stub> <v-row-stub tag=\\"div\\"><v-col-stub cols=\\"6\\" sm=\\"3\\" tag=\\"div\\"><v-select-stub errorcount=\\"1\\" errormessages=\\"\\" messages=\\"\\" rules=\\"\\" successmessages=\\"\\" appendicon=\\"$dropdown\\" backgroundcolor=\\"\\" label=\\"モンスター\\" loaderheight=\\"2\\" clearicon=\\"$clear\\" type=\\"text\\" valuecomparator=\\"function deepEqual(a, b) {
  if (a === b) return true;

  if (a instanceof Date &amp;&amp; b instanceof Date) {
    // If the values are Date, they were convert to timestamp with getTime and compare it
    if (a.getTime() !== b.getTime()) return false;
  }

  if (a !== Object(a) || b !== Object(b)) {
    // If the values aren't objects, they were already checked for equality
    return false;
  }

  var props = Object.keys(a);

  if (props.length !== Object.keys(b).length) {
    // Different number of props, don't bother to check
    return false;
  }

  return props.every(function (p) {
    return deepEqual(a[p], b[p]);
  });
}\\" nodatatext=\\"$vuetify.noDataText\\" items=\\"[object Object],[object Object],[object Object],[object Object],[object Object],[object Object],[object Object],[object Object],[object Object],[object Object],[object Object],[object Object],[object Object],[object Object],[object Object],[object Object],[object Object],[object Object],[object Object],[object Object],[object Object],[object Object],[object Object],[object Object],[object Object],[object Object],[object Object],[object Object],[object Object],[object Object],[object Object],[object Object],[object Object],[object Object],[object Object],[object Object],[object Object],[object Object],[object Object],[object Object]\\" itemcolor=\\"primary\\" itemdisabled=\\"disabled\\" itemtext=\\"name\\" itemvalue=\\"value\\" menuprops=\\"[object Object]\\" returnobject=\\"true\\"></v-select-stub></v-col-stub> <v-col-stub cols=\\"6\\" sm=\\"3\\" tag=\\"div\\"><v-select-stub errorcount=\\"1\\" errormessages=\\"\\" messages=\\"\\" rules=\\"\\" successmessages=\\"\\" appendicon=\\"$dropdown\\" backgroundcolor=\\"\\" label=\\"部位\\" loaderheight=\\"2\\" clearicon=\\"$clear\\" type=\\"text\\" valuecomparator=\\"function deepEqual(a, b) {
  if (a === b) return true;

  if (a instanceof Date &amp;&amp; b instanceof Date) {
    // If the values are Date, they were convert to timestamp with getTime and compare it
    if (a.getTime() !== b.getTime()) return false;
  }

  if (a !== Object(a) || b !== Object(b)) {
    // If the values aren't objects, they were already checked for equality
    return false;
  }

  var props = Object.keys(a);

  if (props.length !== Object.keys(b).length) {
    // Different number of props, don't bother to check
    return false;
  }

  return props.every(function (p) {
    return deepEqual(a[p], b[p]);
  });
}\\" nodatatext=\\"$vuetify.noDataText\\" items=\\"\\" itemcolor=\\"primary\\" itemdisabled=\\"disabled\\" itemtext=\\"function () { [native code] }\\" itemvalue=\\"value\\" menuprops=\\"[object Object]\\" returnobject=\\"true\\"></v-select-stub></v-col-stub> <v-col-stub cols=\\"6\\" sm=\\"3\\" tag=\\"div\\"><v-checkbox-stub color=\\"primary\\" errorcount=\\"1\\" errormessages=\\"\\" messages=\\"\\" rules=\\"\\" successmessages=\\"\\" backgroundcolor=\\"\\" label=\\"怒り\\" ripple=\\"true\\" valuecomparator=\\"function deepEqual(a, b) {
  if (a === b) return true;

  if (a instanceof Date &amp;&amp; b instanceof Date) {
    // If the values are Date, they were convert to timestamp with getTime and compare it
    if (a.getTime() !== b.getTime()) return false;
  }

  if (a !== Object(a) || b !== Object(b)) {
    // If the values aren't objects, they were already checked for equality
    return false;
  }

  var props = Object.keys(a);

  if (props.length !== Object.keys(b).length) {
    // Different number of props, don't bother to check
    return false;
  }

  return props.every(function (p) {
    return deepEqual(a[p], b[p]);
  });
}\\" indeterminateicon=\\"$checkboxIndeterminate\\" officon=\\"$checkboxOff\\" onicon=\\"$checkboxOn\\"></v-checkbox-stub></v-col-stub> <v-col-stub cols=\\"6\\" sm=\\"3\\" tag=\\"div\\"><v-checkbox-stub color=\\"primary\\" errorcount=\\"1\\" errormessages=\\"\\" messages=\\"\\" rules=\\"\\" successmessages=\\"\\" value=\\"true\\" backgroundcolor=\\"\\" label=\\"傷\\" ripple=\\"true\\" valuecomparator=\\"function deepEqual(a, b) {
  if (a === b) return true;

  if (a instanceof Date &amp;&amp; b instanceof Date) {
    // If the values are Date, they were convert to timestamp with getTime and compare it
    if (a.getTime() !== b.getTime()) return false;
  }

  if (a !== Object(a) || b !== Object(b)) {
    // If the values aren't objects, they were already checked for equality
    return false;
  }

  var props = Object.keys(a);

  if (props.length !== Object.keys(b).length) {
    // Different number of props, don't bother to check
    return false;
  }

  return props.every(function (p) {
    return deepEqual(a[p], b[p]);
  });
}\\" indeterminateicon=\\"$checkboxIndeterminate\\" officon=\\"$checkboxOff\\" onicon=\\"$checkboxOn\\"></v-checkbox-stub></v-col-stub></v-row-stub></v-container-stub>"
`;
